
> temp-vite@0.0.0 build
> vite build

vite v6.4.2 building for production...
transforming...
✓ 2701 modules transformed.
✗ Build failed in 8.43s
error during build:
src/components/Footer.jsx (2:9): "Twitter" is not exported by "node_modules/lucide-react/dist/esm/lucide-react.js", imported by "src/components/Footer.jsx".
file: /home/shafiul/Car 3d/src/components/Footer.jsx:2:9

1: import React from 'react';
2: import { Twitter, Instagram, Linkedin, Github } from 'lucide-react';
            ^
3: 
4: const Footer = () => {

    at getRollupError (file:///home/shafiul/Car%203d/node_modules/rollup/dist/es/shared/parseAst.js:406:41)
    at error (file:///home/shafiul/Car%203d/node_modules/rollup/dist/es/shared/parseAst.js:402:42)
    at Module.error (file:///home/shafiul/Car%203d/node_modules/rollup/dist/es/shared/node-entry.js:17384:16)
    at Module.traceVariable (file:///home/shafiul/Car%203d/node_modules/rollup/dist/es/shared/node-entry.js:17817:29)
    at ModuleScope.findVariable (file:///home/shafiul/Car%203d/node_modules/rollup/dist/es/shared/node-entry.js:15407:39)
    at ReturnValueScope.findVariable (file:///home/shafiul/Car%203d/node_modules/rollup/dist/es/shared/node-entry.js:5676:38)
    at FunctionBodyScope.findVariable (file:///home/shafiul/Car%203d/node_modules/rollup/dist/es/shared/node-entry.js:5676:38)
    at Identifier.bind (file:///home/shafiul/Car%203d/node_modules/rollup/dist/es/shared/node-entry.js:5450:40)
    at CallExpression.bind (file:///home/shafiul/Car%203d/node_modules/rollup/dist/es/shared/node-entry.js:2828:28)
    at CallExpression.bind (file:///home/shafiul/Car%203d/node_modules/rollup/dist/es/shared/node-entry.js:12516:15)
